// Jest Snapshot v1, https://goo.gl/fbAQLP

exports[`<Home /> renders consistently 1`] = `
<DocumentFragment>
  <div
    class="ion-page"
  >
    Object {
      "inheritedAttributes": Object {},
      "setupFadeHeader": [Function],
    }
    Object {
      "cBottom": -1,
      "cTop": -1,
      "detail": Object {
        "currentTime": 0,
        "currentX": 0,
        "currentY": 0,
        "data": undefined,
        "deltaX": 0,
        "deltaY": 0,
        "event": undefined,
        "isScrolling": true,
        "scrollLeft": 0,
        "scrollTop": 0,
        "startTime": 0,
        "startX": 0,
        "startY": 0,
        "type": "scroll",
        "velocityX": 0,
        "velocityY": 0,
      },
      "ionScroll": Object {
        "emit": [Function],
      },
      "ionScrollEnd": Object {
        "emit": [Function],
      },
      "ionScrollStart": Object {
        "emit": [Function],
      },
      "isMainContent": true,
      "isScrolling": false,
      "lastScroll": 0,
      "queued": false,
    }
  </div>
</DocumentFragment>
`;
